<src.bert_model.BertConfig object at 0xfffbb40765d0>
{'bert_net_cfg': <src.bert_model.BertConfig object at 0xfffbb40765d0>,
 'config_path': '/data4/gh/LysMiner-GITHUB/LysMiner/src/model_utils/config_1024.yaml',
 'cut_layer_num': 0,
 'data_url': './example/example_seq.csv',
 'dataset_format': 'mindrecord',
 'description': 'classification',
 'device_id': 6,
 'device_target': 'Ascend',
 'do_eval': False,
 'do_predict': True,
 'do_train': False,
 'early_stopping_rounds': 10,
 'enable_modelarts': False,
 'enable_profiling': False,
 'epoch_num': 20,
 'eval_batch_size': 1,
 'eval_data_shuffle': 'false',
 'file_format': 'MINDIR',
 'frozen_bert': False,
 'label_percent': '1:1',
 'load_checkpoint_url': '/data2/gaohan/lysozyme-1toall/lysminer-fold0/saved_models/AMP_Best_Model.ckpt',
 'load_pretrain': True,
 'loss_gamma': 2.0,
 'loss_name': 'CrossEntropy',
 'metrics': 'ACC',
 'num_class': 2,
 'optimizer_cfg': {'AdamWeightDecay': {'decay_filter': <function extra_operations.<locals>.create_filter_fun.<locals>.<lambda> at 0xfffbb4161c20>,
 'end_learning_rate': 1e-10,
 'eps': 1e-06,
 'learning_rate': 1e-05,
 'power': 1.0,
 'weight_decay': 1e-05},
 'Lamb': {'decay_filter': <function extra_operations.<locals>.create_filter_fun.<locals>.<lambda> at 0xfffbb4161b00>,
 'end_learning_rate': 1e-10,
 'learning_rate': 2e-05,
 'power': 1.0,
 'weight_decay': 0.01},
 'Momentum': {'learning_rate': 2e-05, 'momentum': 0.9},
 'optimizer': 'AdamWeightDecay'},
 'output_url': './example/',
 'print_predict': False,
 'return_csv': True,
 'return_sequence': False,
 'task_name': 'Task',
 'train_batch_size': 32,
 'train_data_shuffle': 'true',
 'use_pynative_mode': False,
 'vocab_file': 'vocab_v2.txt',
 'with_lstm': False}
FINISH !!!

